---
source: crates/oxc_react_compiler/tests/error_diagnostic_tests.rs
expression: "format!(\"{errors:?}\")"
---
["Cannot call setState during render. Calling setState during render may trigger an infinite loop. * To reset state based on a condition, check if state is already set and early return.\n* To derive data from props/state, calculate it during render."]
