---
source: crates/oxc_react_compiler/tests/error_diagnostic_tests.rs
expression: "format!(\"{errors:?}\")"
---
["React Hook \"useState\" is called conditionally. Hooks must be called in the exact same order in every render.", "React Hook \"useState\" is called conditionally. Hooks must be called in the exact same order in every render."]
