---
source: crates/oxc_react_compiler/tests/error_diagnostic_tests.rs
expression: "format!(\"{errors:?}\")"
---
["setState is called directly inside \"useEffect\". Synchronous setState in effects causes an extra re-render. Consider deriving the value during render or moving the update into a callback."]
