---
source: crates/oxc_react_compiler/tests/fixture_tests.rs
expression: snapshot
---
transformed: true
diagnostics: 0
---
import { c as _c } from "react/compiler-runtime";
function Layout(_t0) {
  const t7 = "div";
  const t8 = "container";
  const t9 = children;
  const t10 = <_t7 className={_t8}>{_t9}</_t7>;
  return _t10;
}
