---
source: crates/oxc_react_compiler/tests/fixture_tests.rs
expression: snapshot
---
transformed: true
diagnostics: 0
---
import { c as _c } from "react/compiler-runtime";
function Display(t0) {
  const $ = _c(3);
  const { items } = t0;
  const count = items.length;
  if (count > 0) {
    t14 = "Has items";
  } else {
    t14 = "Empty";
  }
  const label = t14;
  let t25;
  if ($[0] !== count || $[1] !== label) {
    t25 = (
      <div>
        {label}
        : 
        {count}
      </div>
    );
    $[0] = count;
    $[1] = label;
    $[2] = t25;
  } else {
    t25 = $[2];
  }
  return t25;
}
