---
source: crates/oxc_react_compiler/tests/fixture_tests.rs
expression: snapshot
---
transformed: true
diagnostics: 0
---
import { c as _c } from "react/compiler-runtime";
import { jsx as _jsx, jsxs as _jsxs, Fragment as _Fragment } from "react/jsx-runtime";
function Layout(t0) {
  const $ = _c(3);
  let children;
  if ($[0] !== children) {
    $[0] = children;
  } else {
  }
  ({ children } = t0);
  let t15;
  if ($[1] !== children) {
    const t12 = "div";
    const t13 = "container";
    const t14 = children;
    t15 = _jsx(t12, { className: t13, children: t14 });
    $[2] = t15;
    $[1] = children;
  } else {
    t15 = $[2];
  }
  return t15;
}
