---
source: crates/oxc_react_compiler/tests/fixture_tests.rs
expression: snapshot
---
transformed: true
diagnostics: 0
---
import { c as _c } from "react/compiler-runtime";
function Toggle(t0) {
  const $ = _c(2);
  const { isOn } = t0;
  let t15;
  if ($[0] !== isOn) {
    t15 = isOn;
    $[0] = isOn;
    $[1] = t15;
  } else {
    t15 = $[1];
  }
  if (t15) {
    return <div>ON</div>;
  }
  return <div>OFF</div>;
}
