---
source: crates/oxc_react_compiler/tests/fixture_tests.rs
expression: snapshot
---
transformed: true
diagnostics: 0
---
import { c as _c } from "react/compiler-runtime";
import { jsx as _jsx, jsxs as _jsxs, Fragment as _Fragment } from "react/jsx-runtime";
function Toggle(t0) {
  const $ = _c(3);
  const { isOn } = t0;
  if ($[0] !== isOn) {
    $[0] = isOn;
  } else {
  }
  let t15;
  if ($[1] !== isOn) {
    t15 = isOn;
    $[2] = t15;
    $[1] = isOn;
  } else {
    t15 = $[2];
  }
  if (t15) {
    return t21;
  } else {
  }
  return t18;
}
