---
source: crates/oxc_react_compiler/tests/fixture_tests.rs
expression: snapshot
---
transformed: true
diagnostics: 0
---
import { c as _c } from "react/compiler-runtime";
import { jsx as _jsx, jsxs as _jsxs, Fragment as _Fragment } from "react/jsx-runtime";
function Counter(t0) {
  const $ = _c(3);
  let count;
  if ($[0] !== count) {
    $[0] = count;
  } else {
  }
  ({ count } = t0);
  let t13;
  if ($[1] !== count) {
    const t11 = "div";
    const t12 = count;
    t13 = _jsx(t11, { children: t12 });
    $[2] = t13;
    $[1] = count;
  } else {
    t13 = $[2];
  }
  return t13;
}
