---
source: crates/oxc_react_compiler/tests/fixture_tests.rs
expression: snapshot
---
transformed: true
diagnostics: 0
---
import { c as _c } from "react/compiler-runtime";
import { jsx as _jsx, jsxs as _jsxs, Fragment as _Fragment } from "react/jsx-runtime";
const Button = function Button(t0) {
  const $ = _c(5);
  const { onClick, label } = t0;
  if ($[0] !== onClick || $[1] !== label) {
    $[0] = onClick;
    $[1] = label;
  } else {
  }
  let t19;
  if ($[2] !== onClick || $[3] !== label) {
    const t16 = "button";
    const t17 = onClick;
    const t18 = label;
    t19 = _jsx(t16, { onClick: t17, children: t18 });
    $[4] = t19;
    $[2] = onClick;
    $[3] = label;
  } else {
    t19 = $[4];
  }
  return t19;
}
;
