---
source: crates/oxc_react_compiler/tests/fixture_tests.rs
expression: snapshot
---
transformed: true
diagnostics: 0
---
import { c as _c } from "react/compiler-runtime";
function Header(t0) {
  const $ = _c(3);
  if ($[0] !== title) {
    /* t9 = Discriminant(4) */
    $[0] = title;
  } else {
  }
  const { title } = t0;
  if ($[1] !== title) {
    const t11 = "h1";
    const t12 = title;
    const t13 = <t11>{t12}</t11>;
    $[2] = t13;
    $[1] = title;
  } else {
    t13 = $[2];
  }
  return t13;
}


function Footer(t0) {
  const $ = _c(3);
  if ($[0] !== text) {
    /* t9 = Discriminant(4) */
    $[0] = text;
  } else {
  }
  const { text } = t0;
  if ($[1] !== text) {
    const t11 = "footer";
    const t12 = text;
    const t13 = <t11>{t12}</t11>;
    $[2] = t13;
    $[1] = text;
  } else {
    t13 = $[2];
  }
  return t13;
}
