---
source: crates/oxc_react_compiler/tests/fixture_tests.rs
expression: snapshot
---
transformed: true
diagnostics: 0
---
import { c as _c } from "react/compiler-runtime";
import { jsx as _jsx, jsxs as _jsxs, Fragment as _Fragment } from "react/jsx-runtime";
function Display(t0) {
  const $ = _c(6);
  let items;
  if ($[0] !== items) {
    $[0] = items;
  } else {
  }
  ({ items } = t0);
  let count;
  let label;
  if ($[1] !== count || $[2] !== items || $[3] !== label || $[4] !== count || $[5] !== t36) {
    const t31 = items;
    const t32 = t31.length;
    count = t32;
    const t35 = count;
    const t36 = 0;
    const t37 = t35 > t36;
    $[1] = count;
    $[2] = items;
    $[3] = label;
    $[4] = count;
    $[5] = t36;
  } else {
  }
}
