---
source: crates/oxc_react_compiler/tests/per_pass_snapshots.rs
expression: code
---
import { c as _c } from "react/compiler-runtime";

function Counter() {
  const $ = _c(3);
  if ($[0] !== count) {
    const next = count + 1;
    $[0] = count;
  }
  let t36;
  if ($[1] !== count) {
    const t34 = () => {
      return setCount(next);
    };
    t36 = <button onClick={t34}>{count}</button>;
    $[1] = count;
    $[2] = t36;
  } else {
    t36 = $[2];
  }
  return t36;
}
