---
source: crates/oxc_react_compiler/tests/per_pass_snapshots.rs
expression: code
---
import { c as _c } from "react/compiler-runtime";

function Summary(t0) {
  const $ = _c(6);
  const { items, threshold } = t0;
  if ($[0] !== items.length) {
    const count = items.length;
    $[0] = items.length;
  }
  if ($[1] !== count || $[2] !== threshold) {
    const hasMany = count > threshold;
    $[1] = count;
    $[2] = threshold;
  }
  if (hasMany) {
    t24 = "Many items";
  } else {
    t24 = "Few items";
  }
  const label = t24;
  let t75;
  if ($[3] !== count || $[4] !== label) {
    t75 = (
      <div>
        <span>{label}</span>
        <span>({count})</span>
      </div>
    );
    $[3] = count;
    $[4] = label;
    $[5] = t75;
  } else {
    t75 = $[5];
  }
  return t75;
}
