---
source: crates/oxc_react_compiler/tests/per_pass_snapshots.rs
expression: code
---
import { c as _c } from "react/compiler-runtime";

function Summary(t0) {
  const $ = _c(5);
  let { items, threshold } = t0;
  let count;
  let label;
  let t1;
  let t2;
  if ($[0] !== items.length || $[1] !== threshold) {
    count = items.length;
    let hasMany = (count > threshold);
    if (hasMany) {
      t1 = "Many items";
    } else {
      t1 = "Few items";
    }
    label = t1;
    t2 = <div><span>{label}</span><span>({count})</span></div>;
    $[0] = items.length;
    $[1] = threshold;
    $[2] = count;
    $[3] = label;
    $[4] = t2;
  } else {
    count = $[2];
    label = $[3];
    t2 = $[4];
  }
  return t2;
}
