---
source: crates/oxc_react_compiler/tests/per_pass_snapshots.rs
expression: code
---
import { c as _c } from "react/compiler-runtime";

function Status(t0) {
  const $ = _c(3);
  const { isActive } = t0;
  let t17;
  if ($[0] === Symbol.for("react.memo_cache_sentinel")) {
    t17 = isActive;
    $[0] = t17;
  } else {
    t17 = $[0];
  }
  if (t17) {
    let t25;
    if ($[1] === Symbol.for("react.memo_cache_sentinel")) {
      t25 = (
        <div className="active">
          Active
        </div>
      );
      $[1] = t25;
    } else {
      t25 = $[1];
    }
    return t25;
  }
  let t21;
  if ($[2] === Symbol.for("react.memo_cache_sentinel")) {
    t21 = (
      <div className="inactive">
        Inactive
      </div>
    );
    $[2] = t21;
  } else {
    t21 = $[2];
  }
  return t21;
}
