---
source: crates/oxc_react_compiler/tests/per_pass_snapshots.rs
expression: code
---
import { c as _c } from "react/compiler-runtime";
import { jsx as _jsx, jsxs as _jsxs, Fragment as _Fragment } from "react/jsx-runtime";

function Counter() {
  const $ = _c(6);
  const t22 = useState;
  const t23 = 0;
  const t24 = t22(t23);
  let count;
  let setCount;
  if ($[0] !== count || $[1] !== setCount) {
    $[0] = count;
    $[1] = setCount;
  } else {
  }
  ([count, setCount] = t24);
  let next;
  let t36;
  if ($[2] !== next || $[3] !== count || $[4] !== count) {
    const t29 = count;
    const t30 = 1;
    const t31 = t29 + t30;
    next = t31;
    const t33 = "button";
    const t34 = () => {
      const t1 = setCount;
      const t3 = next;
      const t4 = t1(t3);
      return t4;
    };
    const t35 = count;
    t36 = _jsx(t33, { onClick: t34, children: t35 });
    $[5] = t36;
    $[2] = next;
    $[3] = count;
    $[4] = count;
  } else {
    t36 = $[5];
  }
  return t36;
}
