---
source: crates/oxc_react_compiler/tests/per_pass_snapshots.rs
expression: code
---
import { c as _c } from "react/compiler-runtime";

function Status(t0) {
  const $ = _c(4);
  const { isActive } = t0;
  if (isActive) {
    let t21;
    let t17;
    let t25;
    if ($[0] === Symbol.for("react.memo_cache_sentinel")) {
      t25 = (
        <div className="active">
          Active
        </div>
      );
      $[0] = t21;
      $[1] = t21;
      $[2] = t17;
      $[3] = t25;
    } else {
      t21 = $[1];
      t17 = $[2];
      t25 = $[3];
    }
    return t25;
  }
  return <div className="inactive">Inactive</div>;
}
