---
source: crates/oxc_react_compiler/tests/per_pass_snapshots.rs
expression: code
---
import { c as _c } from "react/compiler-runtime";

function Doubler(t0) {
  const $ = _c(4);
  const { value } = t0;
  let doubled;
  if ($[0] !== value) {
    doubled = value * 2;
    $[0] = value;
    $[1] = doubled;
  } else {
    doubled = $[1];
  }
  let t25;
  if ($[2] !== value) {
    t25 = <span>{doubled}</span>;
    $[2] = value;
    $[3] = t25;
  } else {
    t25 = $[3];
  }
  return t25;
}
