---
source: crates/oxc_react_compiler/tests/per_pass_snapshots.rs
expression: code
---
import { c as _c } from "react/compiler-runtime";

function UserCard(t0) {
  const $ = _c(4);
  let { name, age, role } = t0;
  if (role === undefined) { role = "member"; }
  let t18;
  if ($[0] !== age || $[1] !== name || $[2] !== role) {
    t18 = <div><h2>{name}</h2><p>Age: {age}</p><p>Role: {role}</p></div>;
    $[0] = age;
    $[1] = name;
    $[2] = role;
    $[3] = t18;
  } else {
    t18 = $[3];
  }
  return t18;
}
