---
source: crates/oxc_react_compiler/tests/per_pass_snapshots.rs
expression: code
---
import { c as _c } from "react/compiler-runtime";
import { jsx as _jsx, jsxs as _jsxs, Fragment as _Fragment } from "react/jsx-runtime";

function Card(t0) {
  const $ = _c(5);
  const { title, children } = t0;
  if ($[0] !== title || $[1] !== children) {
    $[0] = title;
    $[1] = children;
  } else {
  }
  let t31;
  if ($[2] !== title || $[3] !== children) {
    const t22 = "div";
    const t23 = "card";
    const t24 = "h3";
    const t25 = title;
    const t26 = _jsx(t24, { children: title });
    const t27 = "div";
    const t28 = "body";
    const t29 = children;
    const t30 = _jsx(t27, { className: t28, children: children });
    t31 = _jsxs(t22, { className: t23, children: [t26, t30] });
    $[4] = t31;
    $[2] = title;
    $[3] = children;
  } else {
    t31 = $[4];
  }
  return t31;
}
