---
source: crates/oxc_react_compiler/tests/per_pass_snapshots.rs
expression: code
---
import { c as _c } from "react/compiler-runtime";
import { jsx as _jsx, jsxs as _jsxs, Fragment as _Fragment } from "react/jsx-runtime";

function Doubler(t0) {
  const $ = _c(5);
  const { value } = t0;
  if ($[0] !== value) {
    $[0] = value;
  } else {
  }
  let doubled;
  let t25;
  if ($[1] !== doubled || $[2] !== value || $[3] !== doubled) {
    const t19 = value;
    const t20 = 2;
    const t21 = t19 * t20;
    doubled = t21;
    const t23 = "span";
    const t24 = doubled;
    t25 = _jsx(t23, { children: t24 });
    $[4] = t25;
    $[1] = doubled;
    $[2] = value;
    $[3] = doubled;
  } else {
    t25 = $[4];
  }
  return t25;
}
