---
source: crates/oxc_react_compiler/tests/per_pass_snapshots.rs
expression: code
---
import { c as _c } from "react/compiler-runtime";
import { jsx as _jsx, jsxs as _jsxs, Fragment as _Fragment } from "react/jsx-runtime";

function Counter() {
  const $ = _c(3);
  let next;
  let t36;
  if ($[0] !== count || $[1] !== count) {
    next = count + 1;
    const t34 = () => {
      const t4 = setCount(next);
      return t4;
    };
    t36 = _jsx("button", { onClick: t34, children: count });
    $[2] = t36;
    $[0] = count;
    $[1] = count;
  } else {
    t36 = $[2];
  }
  return t36;
}
