---
source: crates/oxc_react_compiler/tests/per_pass_snapshots.rs
expression: code
---
import { c as _c } from "react/compiler-runtime";

function Doubler(t0) {
  const $ = _c(2);
  let { value } = t0;
  let t1;
  if ($[0] !== value) {
    const doubled = (value * 2);
    t1 = <span>{doubled}</span>;
    $[0] = value;
    $[1] = t1;
  } else {
    t1 = $[1];
  }
  return t1;
}
