---
source: crates/oxc_react_compiler/tests/snapshot_tests.rs
expression: result.code
---
import { c as _c } from "react/compiler-runtime";

function Layout(t0) {
  const $ = _c(2);
  const { children } = t0;
  let t15;
  if ($[0] !== children) {
    t15 = <div className="container">{children}</div>;
    $[0] = children;
    $[1] = t15;
  } else {
    t15 = $[1];
  }
  return t15;
}
