---
source: crates/oxc_react_compiler/tests/snapshot_tests.rs
expression: result.code
---
import { c as _c } from "react/compiler-runtime";

function Greeting(t0) {
  const $ = _c(3);
  const { name, age } = t0;
  let t9;
  if ($[0] !== age || $[1] !== name) {
    t9 = (
      <div>
        Hello 
        {name}
        , you are 
        {age}
      </div>
    );
    $[0] = age;
    $[1] = name;
    $[2] = t9;
  } else {
    t9 = $[2];
  }
  return t9;
}
