---
source: crates/oxc_react_compiler/tests/snapshot_tests.rs
expression: result.code
---
import { c as _c } from "react/compiler-runtime";

function Layout(t0) {
  const $ = _c(2);
  const { children } = t0;
  let t7;
  if ($[0] !== children) {
    t7 = <div className="container">{children}</div>;
    $[0] = children;
    $[1] = t7;
  } else {
    t7 = $[1];
  }
  return t7;
}
