---
source: crates/oxc_react_compiler/tests/snapshot_tests.rs
expression: result.code
---
import { c as _c } from "react/compiler-runtime";

function Counter() {
  const $ = _c(1);
  const t3 = useState(0);
  let count;
  let setCount;
  let t9;
  if ($[0] === Symbol.for("react.memo_cache_sentinel")) {
    t9 = <div>{count}</div>;
    $[0] = t9;
  } else {
    t9 = $[0];
  }
  return t9;
}
