---
source: crates/oxc_react_compiler/tests/snapshot_tests.rs
expression: result.code
---
import { c as _c } from "react/compiler-runtime";
import { jsx as _jsx, jsxs as _jsxs, Fragment as _Fragment } from "react/jsx-runtime";

const Button = function Button(t0) {
  const $ = _c(3);
  const { onClick, label } = t0;
  let t19;
  if ($[0] !== onClick || $[1] !== label) {
    t19 = _jsx("button", { onClick: onClick, children: label });
    $[2] = t19;
    $[0] = onClick;
    $[1] = label;
  } else {
    t19 = $[2];
  }
  return t19;
}
;
