---
source: crates/oxc_react_compiler/tests/snapshot_tests.rs
expression: result.code
---
import { c as _c } from "react/compiler-runtime";
import { jsx as _jsx, jsxs as _jsxs, Fragment as _Fragment } from "react/jsx-runtime";

function Display(t0) {
  const $ = _c(4);
  const { items } = t0;
  let count;
  let label;
  let t16;
  if ($[0] !== items) {
    count = items.length;
    $[0] = items;
  }
  if (t40) {
    t16 = "Has items";
  } else {
    t16 = "Empty";
  }
  label = t16;
  let t53;
  if ($[1] !== count || $[2] !== label) {
    t53 = _jsxs("div", { children: [label, ": ", count] });
    $[1] = count;
    $[2] = label;
    $[3] = t53;
  } else {
    t53 = $[3];
  }
  return t53;
}
