---
source: crates/oxc_react_compiler/tests/snapshot_tests.rs
expression: result.code
---
import { c as _c } from "react/compiler-runtime";
import { jsx as _jsx, jsxs as _jsxs, Fragment as _Fragment } from "react/jsx-runtime";

function Display(t0) {
  const $ = _c(10);
  const { items } = t0;
  if ($[0] !== items) {
    $[0] = items;
  } else {
  }
  let count;
  let label;
  let t16;
  if ($[1] !== count || $[2] !== items || $[3] !== label || $[4] !== count || $[5] !== t39 || $[6] !== t16) {
    const t34 = items;
    const t35 = items.length;
    count = t35;
    const t38 = count;
    const t39 = 0;
    const t40 = count > t39;
    $[1] = count;
    $[2] = items;
    $[3] = label;
    $[4] = count;
    $[5] = t39;
    $[6] = t16;
  } else {
  }
  if (t40) {
    const t54 = "Has items";
    t16 = t54;
  } else {
    const t42 = "Empty";
    t16 = t42;
  }
  label = t16;
  let t53;
  if ($[7] !== label || $[8] !== count) {
    const t49 = "div";
    const t50 = label;
    const t51 = ": ";
    const t52 = count;
    t53 = _jsxs(t49, { children: [label, t51, count] });
    $[9] = t53;
    $[7] = label;
    $[8] = count;
  } else {
    t53 = $[9];
  }
  return t53;
}
