---
source: crates/oxc_react_compiler/tests/snapshot_tests.rs
expression: result.code
---
import { c as _c } from "react/compiler-runtime";

export default function Page(t0) {
  const $ = _c(2);
  let t5;
  let { content } = t0;
  if ($[0] !== content) {
    t5 = <main>{content}</main>;
    $[0] = content;
    $[1] = t5;
  } else {
    t5 = $[1];
  }
  return t5;
}
