---
source: crates/oxc_react_compiler/tests/snapshot_tests.rs
expression: result.code
---
import { c as _c } from "react/compiler-runtime";

const Button = (t0) => {
  const $ = _c(3);
  const { onClick, label } = t0;
  let t9;
  if ($[0] !== label || $[1] !== onClick) {
    t9 = <button onClick={onClick}>{label}</button>;
    $[0] = label;
    $[1] = onClick;
    $[2] = t9;
  } else {
    t9 = $[2];
  }
  return t9;
}
;
