---
source: crates/oxc_react_compiler/tests/snapshot_tests.rs
expression: result.code
---
import { c as _c } from "react/compiler-runtime";

function useToggle(initial) {
  const $ = _c(3);
  const t28 = () => {
    const t5 = setValue(!value);
    return t5;
  };
  const toggle = t28;
  let t32;
  if ($[0] !== value || $[1] !== toggle) {
    t32 = [value, toggle];
    $[2] = t32;
    $[0] = value;
    $[1] = toggle;
  } else {
    t32 = $[2];
  }
  return t32;
}
