---
source: crates/oxc_react_compiler/tests/snapshot_tests.rs
expression: result.code
---
import { c as _c } from "react/compiler-runtime";

function Greeting(_t0) {
  const t10 = "div";
  /* t11 = Discriminant(8) */
  const t12 = name;
  /* t13 = Discriminant(8) */
  const t14 = age;
  const t15 = <_t10>{_t11}{_t12}{_t13}{_t14}</_t10>;
  return _t15;
}
