---
source: crates/oxc_react_compiler/tests/snapshot_tests.rs
expression: result.code
---
import { c as _c } from "react/compiler-runtime";
import { jsx as _jsx, jsxs as _jsxs, Fragment as _Fragment } from "react/jsx-runtime";

export function App(t0) {
  const $ = _c(3);
  const { title } = t0;
  if ($[0] !== title) {
    $[0] = title;
  } else {
  }
  let t13;
  if ($[1] !== title) {
    const t11 = "h1";
    const t12 = title;
    t13 = _jsx(t11, { children: t12 });
    $[2] = t13;
    $[1] = title;
  } else {
    t13 = $[2];
  }
  return t13;
}
