---
source: crates/oxc_react_compiler/tests/snapshot_tests.rs
expression: result.code
---
import { c as _c } from "react/compiler-runtime";

function Display(t0) {
  const $ = _c(6);
  if ($[0] !== items) {
    /* t28 = Discriminant(4) */
    $[0] = items;
  } else {
  }
  const { items } = t0;
  if ($[1] !== count || $[2] !== items || $[3] !== label || $[4] !== count || $[5] !== t36) {
    /* t30 = Discriminant(4) */
    const t31 = items;
    const t32 = t31.length;
    const count = t32;
    /* t34 = Discriminant(4) */
    const t35 = count;
    const t36 = 0;
    const t37 = t35 > t36;
    $[1] = count;
    $[2] = items;
    $[3] = label;
    $[4] = count;
    $[5] = t36;
  } else {
  }
}
